kylin@kylin:~/Desktop$ cat /sys/kernel/debug/rknpu/load
cat: /sys/kernel/debug/rknpu/load: Permission denied
kylin@kylin:~/Desktop$ sudo cat /sys/kernel/debug/rknpu/load
NPU load: 55%
kylin@kylin:~/Desktop$ sudo cat /sys/kernel/debug/rknpu/load
NPU load: 44%
kylin@kylin:~/Desktop$ sudo ls /sys/kernel/debug/
asoc		  dma_pools	      gpio	 pm_genpd	 stmmaceth
bdi		  dmaengine	      hid	 provoke-crash	 suspend_stats
block		  dri		      ieee80211  pvtm		 swiotlb
bluetooth	  dw-hdmi	      iio	 pwm		 sync
cec		  dynamic_debug       mali0	 regmap		 tracing
clear_warn_once   energy_model	      memblock	 regulator	 ubi
clk		  fault_around_bytes  mmc0	 rknpu		 ubifs
debug_enabled	  fe530000.dmac       mmc1	 rkrga		 usb
devfreq		  fe550000.dmac       mmc2	 sched_debug	 wakeup_sources
device_component  fe600000.watchdog   mtd	 sched_features
devices_deferred  fe6e0000.pwm	      opp	 slab
dma_buf		  fe6e0010.pwm	      pinctrl	 sleep_time
kylin@kylin:~/Desktop$ sudo ls /sys/kernel/debug/rknpu
delayms  freq  load  power  reset  version  volt
kylin@kylin:~/Desktop$ sudo ls /sys/kernel/debug/rknpu/freq
/sys/kernel/debug/rknpu/freq
kylin@kylin:~/Desktop$ sudo cat /sys/kernel/debug/rknpu/freq
600000000
kylin@kylin:~/Desktop$ sudo cat /sys/kernel/debug/rknpu/power
on
kylin@kylin:~/Desktop$ sudo cat /sys/kernel/debug/rknpu/delayms
3000
kylin@kylin:~/Desktop$ sudo cat /sys/kernel/debug/rknpu/volt
850000
kylin@kylin:~/Desktop$ sudo cat /sys/kernel/debug/rknpu/version
RKNPU driver: v0.9.3
kylin@kylin:~/Desktop$ 